Performing C SOURCE FILE Test CMAKE_HAVE_LIBC_PTHREAD failed with the following output:
Change Dir: /home/wx/WorkStation/ItemCode/Italy-main/Italt2026/logger/build/CMakeFiles/CMakeTmp

Run Build Command(s):/usr/bin/make cmTC_9a63d/fast && /usr/bin/make -f CMakeFiles/cmTC_9a63d.dir/build.make CMakeFiles/cmTC_9a63d.dir/build
make[1]: 进入目录“/home/wx/WorkStation/ItemCode/Italy-main/Italt2026/logger/build/CMakeFiles/CMakeTmp”
Building C object CMakeFiles/cmTC_9a63d.dir/src.c.o
/usr/bin/cc   -g -Wall -DCMAKE_HAVE_LIBC_PTHREAD   -std=gnu99 -o CMakeFiles/cmTC_9a63d.dir/src.c.o   -c /home/wx/WorkStation/ItemCode/Italy-main/Italt2026/logger/build/CMakeFiles/CMakeTmp/src.c
Linking C executable cmTC_9a63d
/usr/bin/cmake -E cmake_link_script CMakeFiles/cmTC_9a63d.dir/link.txt --verbose=1
/usr/bin/cc  -g -Wall -DCMAKE_HAVE_LIBC_PTHREAD    CMakeFiles/cmTC_9a63d.dir/src.c.o  -o cmTC_9a63d 
/usr/bin/ld: CMakeFiles/cmTC_9a63d.dir/src.c.o: in function `main':
/home/wx/WorkStation/ItemCode/Italy-main/Italt2026/logger/build/CMakeFiles/CMakeTmp/src.c:11: undefined reference to `pthread_create'
/usr/bin/ld: /home/wx/WorkStation/ItemCode/Italy-main/Italt2026/logger/build/CMakeFiles/CMakeTmp/src.c:12: undefined reference to `pthread_detach'
/usr/bin/ld: /home/wx/WorkStation/ItemCode/Italy-main/Italt2026/logger/build/CMakeFiles/CMakeTmp/src.c:13: undefined reference to `pthread_join'
collect2: error: ld returned 1 exit status
make[1]: *** [CMakeFiles/cmTC_9a63d.dir/build.make:87：cmTC_9a63d] 错误 1
make[1]: 离开目录“/home/wx/WorkStation/ItemCode/Italy-main/Italt2026/logger/build/CMakeFiles/CMakeTmp”
make: *** [Makefile:121：cmTC_9a63d/fast] 错误 2


Source file was:
#include <pthread.h>

void* test_func(void* data)
{
  return data;
}

int main(void)
{
  pthread_t thread;
  pthread_create(&thread, NULL, test_func, NULL);
  pthread_detach(thread);
  pthread_join(thread, NULL);
  pthread_atfork(NULL, NULL, NULL);
  pthread_exit(NULL);

  return 0;
}

Determining if the function pthread_create exists in the pthreads failed with the following output:
Change Dir: /home/wx/WorkStation/ItemCode/Italy-main/Italt2026/logger/build/CMakeFiles/CMakeTmp

Run Build Command(s):/usr/bin/make cmTC_4d339/fast && /usr/bin/make -f CMakeFiles/cmTC_4d339.dir/build.make CMakeFiles/cmTC_4d339.dir/build
make[1]: 进入目录“/home/wx/WorkStation/ItemCode/Italy-main/Italt2026/logger/build/CMakeFiles/CMakeTmp”
Building C object CMakeFiles/cmTC_4d339.dir/CheckFunctionExists.c.o
/usr/bin/cc   -g -Wall -DCHECK_FUNCTION_EXISTS=pthread_create   -std=gnu99 -o CMakeFiles/cmTC_4d339.dir/CheckFunctionExists.c.o   -c /usr/share/cmake-3.16/Modules/CheckFunctionExists.c
Linking C executable cmTC_4d339
/usr/bin/cmake -E cmake_link_script CMakeFiles/cmTC_4d339.dir/link.txt --verbose=1
/usr/bin/cc  -g -Wall -DCHECK_FUNCTION_EXISTS=pthread_create    CMakeFiles/cmTC_4d339.dir/CheckFunctionExists.c.o  -o cmTC_4d339  -lpthreads 
/usr/bin/ld: 找不到 -lpthreads
collect2: error: ld returned 1 exit status
make[1]: *** [CMakeFiles/cmTC_4d339.dir/build.make:87：cmTC_4d339] 错误 1
make[1]: 离开目录“/home/wx/WorkStation/ItemCode/Italy-main/Italt2026/logger/build/CMakeFiles/CMakeTmp”
make: *** [Makefile:121：cmTC_4d339/fast] 错误 2



